// Jest Snapshot v1, https://goo.gl/fbAQLP

exports[`SyntaxHighlighter component renders correctly 1`] = `
<pre
  style={
    Object {
      "background": "#F0F0F0",
      "color": "#444",
      "display": "block",
      "overflowX": "auto",
      "padding": "0.5em",
    }
  }
>
  <code>
    <span
      className="hljs-keyword"
      style={
        Object {
          "fontWeight": "bold",
        }
      }
    >
      const
    </span>
    <span
      className=""
      style={Object {}}
    >
       woah = 
    </span>
    <span
      className="hljs-function hljs-params"
      style={Object {}}
    >
      fun
    </span>
    <span
      className="hljs-function"
      style={Object {}}
    >
       =&gt;
    </span>
    <span
      className=""
      style={Object {}}
    >
       fun + 
    </span>
    <span
      className="hljs-number"
      style={
        Object {
          "color": "#880000",
        }
      }
    >
      1
    </span>
    <span
      className=""
      style={Object {}}
    >
      ;

    </span>
    <span
      className=""
      style={Object {}}
    >
      
    </span>
    <span
      className="hljs-keyword"
      style={
        Object {
          "fontWeight": "bold",
        }
      }
    >
      const
    </span>
    <span
      className=""
      style={Object {}}
    >
       dude = woah(
    </span>
    <span
      className="hljs-number"
      style={
        Object {
          "color": "#880000",
        }
      }
    >
      2
    </span>
    <span
      className=""
      style={Object {}}
    >
      ) + 
    </span>
    <span
      className="hljs-number"
      style={
        Object {
          "color": "#880000",
        }
      }
    >
      3
    </span>
    <span
      className=""
      style={Object {}}
    >
      ;

    </span>
    <span
      className=""
      style={Object {}}
    >
      
    </span>
    <span
      className="hljs-function hljs-keyword"
      style={
        Object {
          "fontWeight": "bold",
        }
      }
    >
      function
    </span>
    <span
      className="hljs-function"
      style={Object {}}
    >
       
    </span>
    <span
      className="hljs-function hljs-title"
      style={
        Object {
          "color": "#880000",
          "fontWeight": "bold",
        }
      }
    >
      thisIsAFunction
    </span>
    <span
      className="hljs-function"
      style={Object {}}
    >
      (
    </span>
    <span
      className="hljs-function"
      style={Object {}}
    >
      ) 
    </span>
    <span
      className=""
      style={Object {}}
    >
      {

    </span>
    <span
      className=""
      style={Object {}}
    >
        
    </span>
    <span
      className="hljs-keyword"
      style={
        Object {
          "fontWeight": "bold",
        }
      }
    >
      return
    </span>
    <span
      className=""
      style={Object {}}
    >
       [
    </span>
    <span
      className="hljs-number"
      style={
        Object {
          "color": "#880000",
        }
      }
    >
      1
    </span>
    <span
      className=""
      style={Object {}}
    >
      ,
    </span>
    <span
      className="hljs-number"
      style={
        Object {
          "color": "#880000",
        }
      }
    >
      2
    </span>
    <span
      className=""
      style={Object {}}
    >
      ,
    </span>
    <span
      className="hljs-number"
      style={
        Object {
          "color": "#880000",
        }
      }
    >
      3
    </span>
    <span
      className=""
      style={Object {}}
    >
      ].map(
    </span>
    <span
      className="hljs-function hljs-params"
      style={Object {}}
    >
      n
    </span>
    <span
      className="hljs-function"
      style={Object {}}
    >
       =&gt;
    </span>
    <span
      className=""
      style={Object {}}
    >
       n + 
    </span>
    <span
      className="hljs-number"
      style={
        Object {
          "color": "#880000",
        }
      }
    >
      1
    </span>
    <span
      className=""
      style={Object {}}
    >
      ).filter(n !== 
    </span>
    <span
      className="hljs-number"
      style={
        Object {
          "color": "#880000",
        }
      }
    >
      3
    </span>
    <span
      className=""
      style={Object {}}
    >
      );

    </span>
    }

    <span
      className=""
      style={Object {}}
    >
      
    </span>
    <span
      className="hljs-built_in"
      style={
        Object {
          "color": "#397300",
        }
      }
    >
      console
    </span>
    <span
      className=""
      style={Object {}}
    >
      .log(
    </span>
    <span
      className="hljs-string"
      style={
        Object {
          "color": "#880000",
        }
      }
    >
      'making up fake code is really hard'
    </span>
    <span
      className=""
      style={Object {}}
    >
      );

    </span>
    

    <span
      className=""
      style={Object {}}
    >
      
    </span>
    <span
      className="hljs-function hljs-keyword"
      style={
        Object {
          "fontWeight": "bold",
        }
      }
    >
      function
    </span>
    <span
      className="hljs-function"
      style={Object {}}
    >
       
    </span>
    <span
      className="hljs-function hljs-title"
      style={
        Object {
          "color": "#880000",
          "fontWeight": "bold",
        }
      }
    >
      itIs
    </span>
    <span
      className="hljs-function"
      style={Object {}}
    >
      (
    </span>
    <span
      className="hljs-function"
      style={Object {}}
    >
      ) 
    </span>
    <span
      className=""
      style={Object {}}
    >
      {

    </span>
    <span
      className=""
      style={Object {}}
    >
        
    </span>
    <span
      className="hljs-keyword"
      style={
        Object {
          "fontWeight": "bold",
        }
      }
    >
      return
    </span>
    <span
      className=""
      style={Object {}}
    >
       
    </span>
    <span
      className="hljs-string"
      style={
        Object {
          "color": "#880000",
        }
      }
    >
      'no seriously really it is'
    </span>
    <span
      className=""
      style={Object {}}
    >
      ;

    </span>
    }

    

  </code>
</pre>
`;
